// Jest Snapshot v1, https://goo.gl/fbAQLP

exports[`Home snapshot 1`] = `
<View
  style={
    Object {
      "alignItems": "center",
      "flex": 1,
      "justifyContent": "center",
    }
  }
>
  <View>
    <Text>
      Profile
    </Text>
  </View>
  <Text
    style={
      Object {
        "fontSize": 10,
      }
    }
  >
    Home Component
  </Text>
</View>
`;
